[www.vnhaxvip.ml/index.html]
[backblue.gif]
[fade.gif]
[index.html]
[use.fontawesome.com/releases/v5.0.6/css/all.css]
[www.vnhaxvip.ml/images/apple-icon.png]
[www.vnhaxvip.ml/images/vnhaxvip.png]
[cdnjs.cloudflare.com/ajax/libs/materialize/1.0.0/css/materialize.min.css]
[www.vnhaxvip.ml/css/styles.css]
[www.vnhaxvip.ml/index-2.html]
[www.vnhaxvip.ml/css/grid.css]
[www.vnhaxvip.ml/faq/index.html]
[www.vnhaxvip.ml/images/vnhax.jpg]
[www.vnhaxvip.ml/images/OP BYPASS.jpg]
[www.vnhaxvip.ml/images/discord.png]
[ajax.googleapis.com/ajax/libs/jquery/3.4.1/jquery.min.js]
[cdnjs.cloudflare.com/ajax/libs/materialize/1.0.0/js/materialize.min.js]
[cdnjs.cloudflare.com/ajax/libs/jquery-timeago/1.6.7/jquery.timeago.min.js]
[ajax.cloudflare.com/cdn-cgi/scripts/7089c43e/cloudflare-static/rocket-loader.min.js]
[www.vnhaxvip.ml/index.html]
[use.fontawesome.com/releases/v5.0.6/css/all.css]
[www.vnhaxvip.ml/images/logo.html]
[cdnjs.cloudflare.com/ajax/libs/materialize/1.0.0/css/materialize.min.css]
[cdn.sellix.io/static/js/embed.js]
[www.vnhaxvip.ml/css/styles.css]
[www.vnhaxvip.ml/css/grid.css]
[www.vnhaxvip.ml/index-2.html]
[www.vnhaxvip.ml/faq/css/grid.css]
[www.vnhaxvip.ml/faq/index.html]
[www.vnhaxvip.ml/fonts/MotivaSans-Regular75d6.html]
[www.vnhaxvip.ml/fonts/MotivaSans-Light75d6.html]
[www.vnhaxvip.ml/fonts/MotivaSans-Thin75d6.html]
[www.vnhaxvip.ml/fonts/MotivaSans-Medium75d6.html]
[www.vnhaxvip.ml/fonts/MotivaSans-Bold75d6.html]
[www.vnhaxvip.ml/fonts/motiva-sans-regular-italic75d6.html]
[www.vnhaxvip.ml/fonts/motiva-sans-light-italic75d6.html]
[www.vnhaxvip.ml/fonts/motiva-sans-bold-italic75d6.html]
[www.vnhaxvip.ml/images/background.html]
[www.vnhaxvip.ml/images/bg.html]
[www.vnhaxvip.ml/img/bg.html]
[www.vnhaxvip.ml/img/asc.html]
[www.vnhaxvip.ml/img/desc.html]
[www.vnhaxvip.ml/faq/images/apple-icon.html]
[www.vnhaxvip.ml/faq/images/vnhaxvip.html]
[www.vnhaxvip.ml/faq/images/logo.html]
[shoppy.gg/api/embed.js]
[www.vnhaxvip.ml/faq/index-2.html]
[www.vnhaxvip.ml/faq/css/grid.css]
[www.vnhaxvip.ml/faq/index-2.html]
[www.vnhaxvip.ml/faq/img/bg.html]
[www.vnhaxvip.ml/faq/img/asc.html]
[www.vnhaxvip.ml/faq/img/desc.html]
